[opc@db1 ~]$ sudo yum install -y nc
[opc@db1 ~]$ nc localhost 3306 < /dev/null
J
5.7.2vWHk#U4???26	*MM"mysql_native_password[opc@db1 ~]$ 


[opc@db1 ~]$ nc db1 3306 < /dev/null
J
5.7.23	XG}a\#x???BG\L:9;Gysql_native_password[opc@db1 ~]$ 


[opc@web1 ~]$ sudo yum install -y mysql-client nc


[opc@web1 ~]$ sudo yum install -y mysql nc



[opc@web1 ~]$ nc db1 3306
(hangs)


enable security rule, then...


[opc@web1 ~]$ nc db1 3306
Ncat: No route to host.


host firewall!

[opc@db1 ~]$ sudo firewall-cmd --get-services
RH-Satellite-6 amanda-client amanda-k5-client bacula bacula-client bitcoin bitcoin-rpc bitcoin-testnet bitcoin-testnet-rpc ceph ceph-mon cfengine condor-collector ctdb dhcp dhcpv6 dhcpv6-client dns docker-registry dropbox-lansync elasticsearch freeipa-ldap freeipa-ldaps freeipa-replication freeipa-trust ftp ganglia-client ganglia-master high-availability http https imap imaps ipp ipp-client ipsec iscsi-target kadmin kerberos kibana klogin kpasswd kshell ldap ldaps libvirt libvirt-tls managesieve mdns mosh mountd ms-wbt mssql mysql nfs nfs3 nrpe ntp openvpn ovirt-imageio ovirt-storageconsole ovirt-vmconsole pmcd pmproxy pmwebapi pmwebapis pop3 pop3s postgresql privoxy proxy-dhcp ptp pulseaudio puppetmaster quassel radius rpc-bind rsh rsyncd samba samba-client sane sip sips smtp smtp-submission smtps snmp snmptrap spideroak-lansync squid ssh synergy syslog syslog-tls telnet tftp tftp-client tinc tor-socks transmission-client vdsm vnc-server wbem-https xmpp-bosh xmpp-client xmpp-local xmpp-server
[opc@db1 ~]$ 

[opc@db1 ~]$ sudo firewall-cmd --add-service mysql 
success
[opc@db1 ~]$ sudo firewall-cmd --status-all
usage: see firewall-cmd man page
firewall-cmd: error: unrecognized arguments: --status-all
[opc@db1 ~]$ sudo firewall-cmd --status
usage: see firewall-cmd man page
firewall-cmd: error: unrecognized arguments: --status
[opc@db1 ~]$ sudo firewall-cmd --list-all
public
  target: default
  icmp-block-inversion: no
  interfaces: 
  sources: 
  services: ssh dhcpv6-client mysql
  ports: 
  protocols: 
  masquerade: no
  forward-ports: 
  source-ports: 
  icmp-blocks: 
  rich rules: 
	
[opc@db1 ~]$ 


[opc@web1 ~]$ nc db1 3306
J
5.7.23
OCiQu&???
         NE1yd}pmysql_native_password^C
[opc@web1 ~]$ 



[opc@web1 ~]$ mysql -u app -p -h db1 app
Enter password: 
Welcome to the MariaDB monitor.  Commands end with ; or \g.
Your MySQL connection id is 12
Server version: 5.7.23 MySQL Community Server (GPL)

Copyright (c) 2000, 2018, Oracle, MariaDB Corporation Ab and others.

Type 'help;' or '\h' for help. Type '\c' to clear the current input statement.

MySQL [app]> show tables;
Empty set (0.00 sec)

MySQL [app]> 



